// Jest Snapshot v1, https://goo.gl/fbAQLP

exports[`StarWarsInput should render correctly in "debug" mode 1`] = `
<StarWarsInput
  data={Array []}
  id=""
  name=""
  placeholder=""
  setFn={[Function]}
  visible={true}
>
  <Col
    tag="div"
    widths={
      Array [
        "xs",
        "sm",
        "md",
        "lg",
        "xl",
      ]
    }
  >
    <div
      className="col"
    >
      <FormGroup
        row={true}
        size="lg"
        tag="div"
      >
        <div
          className="row form-group"
          size="lg"
        >
          <Label
            for="input-person"
            size="lg"
            tag="label"
            widths={
              Array [
                "xs",
                "sm",
                "md",
                "lg",
                "xl",
              ]
            }
          >
            <label
              className="col-form-label-lg"
              htmlFor="input-person"
            />
          </Label>
          <Input
            bsSize="lg"
            disabled={true}
            id=""
            name=""
            onChange={[Function]}
            placeholder=""
            type="text"
          >
            <input
              className="form-control-lg form-control"
              disabled={true}
              id=""
              name=""
              onChange={[Function]}
              placeholder=""
              type="text"
            />
          </Input>
        </div>
      </FormGroup>
    </div>
  </Col>
</StarWarsInput>
`;
