// Jest Snapshot v1, https://goo.gl/fbAQLP

exports[`LoadFailedAlerts should render correctly in debug mode 1`] = `
<LoadFailedAlert
  name=""
  visible={false}
/>
`;
